
> artmasons@0.1.0 build
> next build

   ▲ Next.js 16.0.10 (Turbopack)
   - Environments: .env

   Creating an optimized production build ...
 ✓ Compiled successfully in 18.3s
   Running TypeScript ...
   Collecting page data using 3 workers ...
